// Jest Snapshot v1, https://goo.gl/fbAQLP

exports[`Home Test display pairs 1`] = `
Object {
  "asFragment": [Function],
  "baseElement": <body>
    <div>
      <header>
        <button
          type="button"
        >
          <span
            class="material-symbols-outlined"
          >
            arrow_back_ios_new
          </span>
        </button>
        <h2>
          Stocks
        </h2>
        <div>
          <span
            class="material-symbols-outlined"
          >
            mic
          </span>
          <span
            class="material-symbols-outlined"
          >
            settings
          </span>
        </div>
      </header>
      <main>
        <section
          class="heading"
        >
          <img
            alt="USD"
            src="USD.svg"
          />
          <div>
            <h1>
              USD FOREIGN EXCHANGE PRICES
            </h1>
            <pre>
              6
               
              pairs
            </pre>
          </div>
        </section>
        <h3>
          PAIRS WITH USD AS BASE CURRENCY
        </h3>
        <section
          class="home-page"
        />
      </main>
    </div>
  </body>,
  "container": <div>
    <header>
      <button
        type="button"
      >
        <span
          class="material-symbols-outlined"
        >
          arrow_back_ios_new
        </span>
      </button>
      <h2>
        Stocks
      </h2>
      <div>
        <span
          class="material-symbols-outlined"
        >
          mic
        </span>
        <span
          class="material-symbols-outlined"
        >
          settings
        </span>
      </div>
    </header>
    <main>
      <section
        class="heading"
      >
        <img
          alt="USD"
          src="USD.svg"
        />
        <div>
          <h1>
            USD FOREIGN EXCHANGE PRICES
          </h1>
          <pre>
            6
             
            pairs
          </pre>
        </div>
      </section>
      <h3>
        PAIRS WITH USD AS BASE CURRENCY
      </h3>
      <section
        class="home-page"
      />
    </main>
  </div>,
  "debug": [Function],
  "findAllByAltText": [Function],
  "findAllByDisplayValue": [Function],
  "findAllByLabelText": [Function],
  "findAllByPlaceholderText": [Function],
  "findAllByRole": [Function],
  "findAllByTestId": [Function],
  "findAllByText": [Function],
  "findAllByTitle": [Function],
  "findByAltText": [Function],
  "findByDisplayValue": [Function],
  "findByLabelText": [Function],
  "findByPlaceholderText": [Function],
  "findByRole": [Function],
  "findByTestId": [Function],
  "findByText": [Function],
  "findByTitle": [Function],
  "getAllByAltText": [Function],
  "getAllByDisplayValue": [Function],
  "getAllByLabelText": [Function],
  "getAllByPlaceholderText": [Function],
  "getAllByRole": [Function],
  "getAllByTestId": [Function],
  "getAllByText": [Function],
  "getAllByTitle": [Function],
  "getByAltText": [Function],
  "getByDisplayValue": [Function],
  "getByLabelText": [Function],
  "getByPlaceholderText": [Function],
  "getByRole": [Function],
  "getByTestId": [Function],
  "getByText": [Function],
  "getByTitle": [Function],
  "queryAllByAltText": [Function],
  "queryAllByDisplayValue": [Function],
  "queryAllByLabelText": [Function],
  "queryAllByPlaceholderText": [Function],
  "queryAllByRole": [Function],
  "queryAllByTestId": [Function],
  "queryAllByText": [Function],
  "queryAllByTitle": [Function],
  "queryByAltText": [Function],
  "queryByDisplayValue": [Function],
  "queryByLabelText": [Function],
  "queryByPlaceholderText": [Function],
  "queryByRole": [Function],
  "queryByTestId": [Function],
  "queryByText": [Function],
  "queryByTitle": [Function],
  "rerender": [Function],
  "unmount": [Function],
}
`;
