// Jest Snapshot v1, https://goo.gl/fbAQLP

exports[`Info component should render without crashing 1`] = `<div />`;
